// Jest Snapshot v1, https://goo.gl/fbAQLP

exports[`LoadingModule should test that component is not changed unintentionally 1`] = `
<div
  className="loading-module"
>
  <Icon
    as="i"
    loading={true}
    name="spinner"
    size="huge"
  />
  <span
    className="loading-module__text"
  >
    Loading module
  </span>
</div>
`;
